// Jest Snapshot v1, https://goo.gl/fbAQLP

exports[`Cart #summary should not reset cart 1`] = `
Object {
  "formatted": "R$1,963.92",
  "items": Array [
    Object {
      "product": Object {
        "price": 35388,
        "title": "Adidas running shoes - men",
      },
      "quantity": 2,
    },
    Object {
      "product": Object {
        "price": 41872,
        "title": "Adidas running shoes - woman",
      },
      "quantity": 3,
    },
  ],
  "total": 196392,
}
`;
